QCD 1 0 1 False
QCD 2 0 1 False
QCD 3 0 1 False
QCD 4 0 1 False
QCD 5 0 1 False
QCD 6 0 1 False
QCD 7 0 1 False
QCD 8 0 1 False
QCD 9 0 1 False
QCD 10 0 1 False
QCD 11 0 1 False
QCD 12 0 1 False
QCD 13 0 1 False
QCD 14 0 1 False
QCD 15 0 1 False
QCD 16 0 1 False
QCD 17 0 1 False
QCD 18 0 1 False
QCD 19 0 1 False
QCD 20 0 1 False
QCD 21 0 1 False
QCD 22 0 1 False
QCD 23 0 1 False
QCD 24 0 1 False
QCD 25 0 1 False
QCD 26 0 1 False
QCD 27 0 1 False
QCD 28 0 1 False
QCD 29 0 1 False
QCD 30 0 1 False
QCD 31 0 1 False
QCD 32 0 1 False
QCD 33 0 1 False
QCD 34 0 1 False
QCD 35 0 1 False
QCD 36 0 1 False
QCD 37 0 1 False
QCD 38 0 1 False
QCD 39 0 1 False
steer end; cursor (292, 580) calls 39
QCD 40 0 0 True
DoDragDrop -> 7 | QueryContinueDrag calls: 40 | drop point (291, 580)
